a = 7f
b = 7fffffffffffffffffffffffffffffff
*-* All Finished *-*
