forked process
forked process
forked process
main process
*-* All Finished *-*
