Simple 1
-
+
-
Simple 1 post delay
+
Simple 2
-
+
-
Simple 2 post delay
+
-
+
-
+
-
+
-
+
-
+
-
+
-
*-* All Finished *-*
