Starting with value == 0
Waiting for value == 2...
Assigning 1 to value.
Assigning 2 to value.
Waited for value == 2.
Waiting for value < 2...
Assigning 0 to value.
Waited for value < 2.
Waiting for value == 0...
Waited for value == 0.
Waiting for 1 < value < 3...
Assigning 2 to value.
Waited for 1 < value < 3.
*-* All Finished *-*
