Will wait for the event here...
Will trigger the event in #100
triggering!
Got the event!
*-* All Finished *-*
