process 1
process 2
process 3
process 2 again
process 1 again
process 3 again
*-* All Finished *-*
