forked process 1
main process
forked process 2
*-* All Finished *-*
