I'm at time 0
Starting a #10 delay
I'm at time 10
Starting a #20 delay
I'm at time 30
Starting a #40 delay
I'm at time 70
Starting a #80 delay
I'm at time 150
*-* All Finished *-*
