[0] entering depth 1
[1] entering depth 2
[2] entering depth 3
[3] entering depth 4
[4] entering depth 5
[5] entering depth 6
[6] entering depth 7
[7] entering depth 8
[8] entering depth 9
[9] at depth 10
[10] leaving depth 9
[11] leaving depth 8
[12] leaving depth 7
[13] leaving depth 6
[14] leaving depth 5
[15] leaving depth 4
[16] leaving depth 3
[17] leaving depth 2
[18] leaving depth 1
*-* All Finished *-*
