forked process
forked process
forked process
forked process
forked process
forked process
forked process
forked process
forked process
*-* All Finished *-*
