Waiting for event A, B, or C...
Triggering event A!
Got the event!
Waiting for event A, B, or C...
Triggering event B!
Got the event!
Waiting for event A, B, or C...
Triggering event C!
Got the event!
*-* All Finished *-*
