Will wait for the event here...
Will trigger the event in #100
Triggering!
Got the event!
Will wait for the event here...
Will trigger the event in #100
Triggering!
Got the event!
*-* All Finished *-*
