Starting with a == 0, b == 0, c == 0
Waiting for a > b...
Assigning 1 to b.
Assigning 2 to a.
Waited for a > b.
Waiting for a + b < c...
Assigning 3 to c.
Assigning 4 to c.
Waited for a + b < c.
Waiting for a < b && b > c...
Assigning 5 to b.
Waited for a < b && b > c.
*-* All Finished *-*
