[0] val=1
[10] val=2
[15] val=4
[20] val=3
[25] val=6
[30] val=5
*-* All Finished *-*
