[0] starting process [8]
[0] starting process [8]
[1] starting process [7]
[1] starting process [7]
[1] starting process [7]
[1] starting process [7]
[2] starting process [6]
[2] starting process [6]
[2] starting process [6]
[2] starting process [6]
[2] starting process [6]
[2] starting process [6]
[2] starting process [6]
[2] starting process [6]
[3] starting process [5]
[3] starting process [5]
[3] starting process [5]
[3] starting process [5]
[3] starting process [5]
[3] starting process [5]
[3] starting process [5]
[3] starting process [5]
[3] starting process [5]
[3] starting process [5]
[3] starting process [5]
[3] starting process [5]
[3] starting process [5]
[3] starting process [5]
[3] starting process [5]
[3] starting process [5]
[4] starting process [4]
[4] starting process [4]
[4] starting process [4]
[4] starting process [4]
[4] starting process [4]
[4] starting process [4]
[4] starting process [4]
[4] starting process [4]
[4] starting process [4]
[4] starting process [4]
[4] starting process [4]
[4] starting process [4]
[4] starting process [4]
[4] starting process [4]
[4] starting process [4]
[4] starting process [4]
[4] starting process [4]
[4] starting process [4]
[4] starting process [4]
[4] starting process [4]
[4] starting process [4]
[4] starting process [4]
[4] starting process [4]
[4] starting process [4]
[4] starting process [4]
[4] starting process [4]
[4] starting process [4]
[4] starting process [4]
[4] starting process [4]
[4] starting process [4]
[4] starting process [4]
[4] starting process [4]
[5] starting process [3]
[5] starting process [3]
[5] starting process [3]
[5] starting process [3]
[5] starting process [3]
[5] starting process [3]
[5] starting process [3]
[5] starting process [3]
[5] starting process [3]
[5] starting process [3]
[5] starting process [3]
[5] starting process [3]
[5] starting process [3]
[5] starting process [3]
[5] starting process [3]
[5] starting process [3]
[5] starting process [3]
[5] starting process [3]
[5] starting process [3]
[5] starting process [3]
[5] starting process [3]
[5] starting process [3]
[5] starting process [3]
[5] starting process [3]
[5] starting process [3]
[5] starting process [3]
[5] starting process [3]
[5] starting process [3]
[5] starting process [3]
[5] starting process [3]
[5] starting process [3]
[5] starting process [3]
[5] starting process [3]
[5] starting process [3]
[5] starting process [3]
[5] starting process [3]
[5] starting process [3]
[5] starting process [3]
[5] starting process [3]
[5] starting process [3]
[5] starting process [3]
[5] starting process [3]
[5] starting process [3]
[5] starting process [3]
[5] starting process [3]
[5] starting process [3]
[5] starting process [3]
[5] starting process [3]
[5] starting process [3]
[5] starting process [3]
[5] starting process [3]
[5] starting process [3]
[5] starting process [3]
[5] starting process [3]
[5] starting process [3]
[5] starting process [3]
[5] starting process [3]
[5] starting process [3]
[5] starting process [3]
[5] starting process [3]
[5] starting process [3]
[5] starting process [3]
[5] starting process [3]
[5] starting process [3]
[6] starting process [2]
[6] starting process [2]
[6] starting process [2]
[6] starting process [2]
[6] starting process [2]
[6] starting process [2]
[6] starting process [2]
[6] starting process [2]
[6] starting process [2]
[6] starting process [2]
[6] starting process [2]
[6] starting process [2]
[6] starting process [2]
[6] starting process [2]
[6] starting process [2]
[6] starting process [2]
[6] starting process [2]
[6] starting process [2]
[6] starting process [2]
[6] starting process [2]
[6] starting process [2]
[6] starting process [2]
[6] starting process [2]
[6] starting process [2]
[6] starting process [2]
[6] starting process [2]
[6] starting process [2]
[6] starting process [2]
[6] starting process [2]
[6] starting process [2]
[6] starting process [2]
[6] starting process [2]
[6] starting process [2]
[6] starting process [2]
[6] starting process [2]
[6] starting process [2]
[6] starting process [2]
[6] starting process [2]
[6] starting process [2]
[6] starting process [2]
[6] starting process [2]
[6] starting process [2]
[6] starting process [2]
[6] starting process [2]
[6] starting process [2]
[6] starting process [2]
[6] starting process [2]
[6] starting process [2]
[6] starting process [2]
[6] starting process [2]
[6] starting process [2]
[6] starting process [2]
[6] starting process [2]
[6] starting process [2]
[6] starting process [2]
[6] starting process [2]
[6] starting process [2]
[6] starting process [2]
[6] starting process [2]
[6] starting process [2]
[6] starting process [2]
[6] starting process [2]
[6] starting process [2]
[6] starting process [2]
[6] starting process [2]
[6] starting process [2]
[6] starting process [2]
[6] starting process [2]
[6] starting process [2]
[6] starting process [2]
[6] starting process [2]
[6] starting process [2]
[6] starting process [2]
[6] starting process [2]
[6] starting process [2]
[6] starting process [2]
[6] starting process [2]
[6] starting process [2]
[6] starting process [2]
[6] starting process [2]
[6] starting process [2]
[6] starting process [2]
[6] starting process [2]
[6] starting process [2]
[6] starting process [2]
[6] starting process [2]
[6] starting process [2]
[6] starting process [2]
[6] starting process [2]
[6] starting process [2]
[6] starting process [2]
[6] starting process [2]
[6] starting process [2]
[6] starting process [2]
[6] starting process [2]
[6] starting process [2]
[6] starting process [2]
[6] starting process [2]
[6] starting process [2]
[6] starting process [2]
[6] starting process [2]
[6] starting process [2]
[6] starting process [2]
[6] starting process [2]
[6] starting process [2]
[6] starting process [2]
[6] starting process [2]
[6] starting process [2]
[6] starting process [2]
[6] starting process [2]
[6] starting process [2]
[6] starting process [2]
[6] starting process [2]
[6] starting process [2]
[6] starting process [2]
[6] starting process [2]
[6] starting process [2]
[6] starting process [2]
[6] starting process [2]
[6] starting process [2]
[6] starting process [2]
[6] starting process [2]
[6] starting process [2]
[6] starting process [2]
[6] starting process [2]
[6] starting process [2]
[6] starting process [2]
[6] starting process [2]
[7] starting process [1]
[7] starting process [1]
[7] starting process [1]
[7] starting process [1]
[7] starting process [1]
[7] starting process [1]
[7] starting process [1]
[7] starting process [1]
[7] starting process [1]
[7] starting process [1]
[7] starting process [1]
[7] starting process [1]
[7] starting process [1]
[7] starting process [1]
[7] starting process [1]
[7] starting process [1]
[7] starting process [1]
[7] starting process [1]
[7] starting process [1]
[7] starting process [1]
[7] starting process [1]
[7] starting process [1]
[7] starting process [1]
[7] starting process [1]
[7] starting process [1]
[7] starting process [1]
[7] starting process [1]
[7] starting process [1]
[7] starting process [1]
[7] starting process [1]
[7] starting process [1]
[7] starting process [1]
[7] starting process [1]
[7] starting process [1]
[7] starting process [1]
[7] starting process [1]
[7] starting process [1]
[7] starting process [1]
[7] starting process [1]
[7] starting process [1]
[7] starting process [1]
[7] starting process [1]
[7] starting process [1]
[7] starting process [1]
[7] starting process [1]
[7] starting process [1]
[7] starting process [1]
[7] starting process [1]
[7] starting process [1]
[7] starting process [1]
[7] starting process [1]
[7] starting process [1]
[7] starting process [1]
[7] starting process [1]
[7] starting process [1]
[7] starting process [1]
[7] starting process [1]
[7] starting process [1]
[7] starting process [1]
[7] starting process [1]
[7] starting process [1]
[7] starting process [1]
[7] starting process [1]
[7] starting process [1]
[7] starting process [1]
[7] starting process [1]
[7] starting process [1]
[7] starting process [1]
[7] starting process [1]
[7] starting process [1]
[7] starting process [1]
[7] starting process [1]
[7] starting process [1]
[7] starting process [1]
[7] starting process [1]
[7] starting process [1]
[7] starting process [1]
[7] starting process [1]
[7] starting process [1]
[7] starting process [1]
[7] starting process [1]
[7] starting process [1]
[7] starting process [1]
[7] starting process [1]
[7] starting process [1]
[7] starting process [1]
[7] starting process [1]
[7] starting process [1]
[7] starting process [1]
[7] starting process [1]
[7] starting process [1]
[7] starting process [1]
[7] starting process [1]
[7] starting process [1]
[7] starting process [1]
[7] starting process [1]
[7] starting process [1]
[7] starting process [1]
[7] starting process [1]
[7] starting process [1]
[7] starting process [1]
[7] starting process [1]
[7] starting process [1]
[7] starting process [1]
[7] starting process [1]
[7] starting process [1]
[7] starting process [1]
[7] starting process [1]
[7] starting process [1]
[7] starting process [1]
[7] starting process [1]
[7] starting process [1]
[7] starting process [1]
[7] starting process [1]
[7] starting process [1]
[7] starting process [1]
[7] starting process [1]
[7] starting process [1]
[7] starting process [1]
[7] starting process [1]
[7] starting process [1]
[7] starting process [1]
[7] starting process [1]
[7] starting process [1]
[7] starting process [1]
[7] starting process [1]
[7] starting process [1]
[7] starting process [1]
[7] starting process [1]
[7] starting process [1]
[7] starting process [1]
[7] starting process [1]
[7] starting process [1]
[7] starting process [1]
[7] starting process [1]
[7] starting process [1]
[7] starting process [1]
[7] starting process [1]
[7] starting process [1]
[7] starting process [1]
[7] starting process [1]
[7] starting process [1]
[7] starting process [1]
[7] starting process [1]
[7] starting process [1]
[7] starting process [1]
[7] starting process [1]
[7] starting process [1]
[7] starting process [1]
[7] starting process [1]
[7] starting process [1]
[7] starting process [1]
[7] starting process [1]
[7] starting process [1]
[7] starting process [1]
[7] starting process [1]
[7] starting process [1]
[7] starting process [1]
[7] starting process [1]
[7] starting process [1]
[7] starting process [1]
[7] starting process [1]
[7] starting process [1]
[7] starting process [1]
[7] starting process [1]
[7] starting process [1]
[7] starting process [1]
[7] starting process [1]
[7] starting process [1]
[7] starting process [1]
[7] starting process [1]
[7] starting process [1]
[7] starting process [1]
[7] starting process [1]
[7] starting process [1]
[7] starting process [1]
[7] starting process [1]
[7] starting process [1]
[7] starting process [1]
[7] starting process [1]
[7] starting process [1]
[7] starting process [1]
[7] starting process [1]
[7] starting process [1]
[7] starting process [1]
[7] starting process [1]
[7] starting process [1]
[7] starting process [1]
[7] starting process [1]
[7] starting process [1]
[7] starting process [1]
[7] starting process [1]
[7] starting process [1]
[7] starting process [1]
[7] starting process [1]
[7] starting process [1]
[7] starting process [1]
[7] starting process [1]
[7] starting process [1]
[7] starting process [1]
[7] starting process [1]
[7] starting process [1]
[7] starting process [1]
[7] starting process [1]
[7] starting process [1]
[7] starting process [1]
[7] starting process [1]
[7] starting process [1]
[7] starting process [1]
[7] starting process [1]
[7] starting process [1]
[7] starting process [1]
[7] starting process [1]
[7] starting process [1]
[7] starting process [1]
[7] starting process [1]
[7] starting process [1]
[7] starting process [1]
[7] starting process [1]
[7] starting process [1]
[7] starting process [1]
[7] starting process [1]
[7] starting process [1]
[7] starting process [1]
[7] starting process [1]
[7] starting process [1]
[7] starting process [1]
[7] starting process [1]
[7] starting process [1]
[7] starting process [1]
[7] starting process [1]
[7] starting process [1]
[7] starting process [1]
[7] starting process [1]
[7] starting process [1]
[7] starting process [1]
[7] starting process [1]
[7] starting process [1]
[7] starting process [1]
[7] starting process [1]
[7] starting process [1]
[7] starting process [1]
[7] starting process [1]
[7] starting process [1]
[7] starting process [1]
[7] starting process [1]
[7] starting process [1]
[7] starting process [1]
[7] starting process [1]
[7] starting process [1]
[7] starting process [1]
[7] starting process [1]
[7] starting process [1]
[7] starting process [1]
[7] starting process [1]
[7] starting process [1]
[8] at 0=0
[8] at 0=0
[8] at 0=0
[8] at 0=0
[8] at 0=0
[8] at 0=0
[8] at 0=0
[8] at 0=0
[8] at 0=0
[8] at 0=0
[8] at 0=0
[8] at 0=0
[8] at 0=0
[8] at 0=0
[8] at 0=0
[8] at 0=0
[8] at 0=0
[8] at 0=0
[8] at 0=0
[8] at 0=0
[8] at 0=0
[8] at 0=0
[8] at 0=0
[8] at 0=0
[8] at 0=0
[8] at 0=0
[8] at 0=0
[8] at 0=0
[8] at 0=0
[8] at 0=0
[8] at 0=0
[8] at 0=0
[8] at 0=0
[8] at 0=0
[8] at 0=0
[8] at 0=0
[8] at 0=0
[8] at 0=0
[8] at 0=0
[8] at 0=0
[8] at 0=0
[8] at 0=0
[8] at 0=0
[8] at 0=0
[8] at 0=0
[8] at 0=0
[8] at 0=0
[8] at 0=0
[8] at 0=0
[8] at 0=0
[8] at 0=0
[8] at 0=0
[8] at 0=0
[8] at 0=0
[8] at 0=0
[8] at 0=0
[8] at 0=0
[8] at 0=0
[8] at 0=0
[8] at 0=0
[8] at 0=0
[8] at 0=0
[8] at 0=0
[8] at 0=0
[8] at 0=0
[8] at 0=0
[8] at 0=0
[8] at 0=0
[8] at 0=0
[8] at 0=0
[8] at 0=0
[8] at 0=0
[8] at 0=0
[8] at 0=0
[8] at 0=0
[8] at 0=0
[8] at 0=0
[8] at 0=0
[8] at 0=0
[8] at 0=0
[8] at 0=0
[8] at 0=0
[8] at 0=0
[8] at 0=0
[8] at 0=0
[8] at 0=0
[8] at 0=0
[8] at 0=0
[8] at 0=0
[8] at 0=0
[8] at 0=0
[8] at 0=0
[8] at 0=0
[8] at 0=0
[8] at 0=0
[8] at 0=0
[8] at 0=0
[8] at 0=0
[8] at 0=0
[8] at 0=0
[8] at 0=0
[8] at 0=0
[8] at 0=0
[8] at 0=0
[8] at 0=0
[8] at 0=0
[8] at 0=0
[8] at 0=0
[8] at 0=0
[8] at 0=0
[8] at 0=0
[8] at 0=0
[8] at 0=0
[8] at 0=0
[8] at 0=0
[8] at 0=0
[8] at 0=0
[8] at 0=0
[8] at 0=0
[8] at 0=0
[8] at 0=0
[8] at 0=0
[8] at 0=0
[8] at 0=0
[8] at 0=0
[8] at 0=0
[8] at 0=0
[8] at 0=0
[8] at 0=0
[8] at 0=0
[8] at 0=0
[8] at 0=0
[8] at 0=0
[8] at 0=0
[8] at 0=0
[8] at 0=0
[8] at 0=0
[8] at 0=0
[8] at 0=0
[8] at 0=0
[8] at 0=0
[8] at 0=0
[8] at 0=0
[8] at 0=0
[8] at 0=0
[8] at 0=0
[8] at 0=0
[8] at 0=0
[8] at 0=0
[8] at 0=0
[8] at 0=0
[8] at 0=0
[8] at 0=0
[8] at 0=0
[8] at 0=0
[8] at 0=0
[8] at 0=0
[8] at 0=0
[8] at 0=0
[8] at 0=0
[8] at 0=0
[8] at 0=0
[8] at 0=0
[8] at 0=0
[8] at 0=0
[8] at 0=0
[8] at 0=0
[8] at 0=0
[8] at 0=0
[8] at 0=0
[8] at 0=0
[8] at 0=0
[8] at 0=0
[8] at 0=0
[8] at 0=0
[8] at 0=0
[8] at 0=0
[8] at 0=0
[8] at 0=0
[8] at 0=0
[8] at 0=0
[8] at 0=0
[8] at 0=0
[8] at 0=0
[8] at 0=0
[8] at 0=0
[8] at 0=0
[8] at 0=0
[8] at 0=0
[8] at 0=0
[8] at 0=0
[8] at 0=0
[8] at 0=0
[8] at 0=0
[8] at 0=0
[8] at 0=0
[8] at 0=0
[8] at 0=0
[8] at 0=0
[8] at 0=0
[8] at 0=0
[8] at 0=0
[8] at 0=0
[8] at 0=0
[8] at 0=0
[8] at 0=0
[8] at 0=0
[8] at 0=0
[8] at 0=0
[8] at 0=0
[8] at 0=0
[8] at 0=0
[8] at 0=0
[8] at 0=0
[8] at 0=0
[8] at 0=0
[8] at 0=0
[8] at 0=0
[8] at 0=0
[8] at 0=0
[8] at 0=0
[8] at 0=0
[8] at 0=0
[8] at 0=0
[8] at 0=0
[8] at 0=0
[8] at 0=0
[8] at 0=0
[8] at 0=0
[8] at 0=0
[8] at 0=0
[8] at 0=0
[8] at 0=0
[8] at 0=0
[8] at 0=0
[8] at 0=0
[8] at 0=0
[8] at 0=0
[8] at 0=0
[8] at 0=0
[8] at 0=0
[8] at 0=0
[8] at 0=0
[8] at 0=0
[8] at 0=0
[8] at 0=0
[8] at 0=0
[8] at 0=0
[8] at 0=0
[8] at 0=0
[8] at 0=0
[8] at 0=0
[8] at 0=0
[8] at 0=0
[8] at 0=0
[8] at 0=0
[10] ending process [1]
[10] ending process [1]
[10] ending process [1]
[10] ending process [1]
[10] ending process [1]
[10] ending process [1]
[10] ending process [1]
[10] ending process [1]
[10] ending process [1]
[10] ending process [1]
[10] ending process [1]
[10] ending process [1]
[10] ending process [1]
[10] ending process [1]
[10] ending process [1]
[10] ending process [1]
[10] ending process [1]
[10] ending process [1]
[10] ending process [1]
[10] ending process [1]
[10] ending process [1]
[10] ending process [1]
[10] ending process [1]
[10] ending process [1]
[10] ending process [1]
[10] ending process [1]
[10] ending process [1]
[10] ending process [1]
[10] ending process [1]
[10] ending process [1]
[10] ending process [1]
[10] ending process [1]
[10] ending process [1]
[10] ending process [1]
[10] ending process [1]
[10] ending process [1]
[10] ending process [1]
[10] ending process [1]
[10] ending process [1]
[10] ending process [1]
[10] ending process [1]
[10] ending process [1]
[10] ending process [1]
[10] ending process [1]
[10] ending process [1]
[10] ending process [1]
[10] ending process [1]
[10] ending process [1]
[10] ending process [1]
[10] ending process [1]
[10] ending process [1]
[10] ending process [1]
[10] ending process [1]
[10] ending process [1]
[10] ending process [1]
[10] ending process [1]
[10] ending process [1]
[10] ending process [1]
[10] ending process [1]
[10] ending process [1]
[10] ending process [1]
[10] ending process [1]
[10] ending process [1]
[10] ending process [1]
[10] ending process [1]
[10] ending process [1]
[10] ending process [1]
[10] ending process [1]
[10] ending process [1]
[10] ending process [1]
[10] ending process [1]
[10] ending process [1]
[10] ending process [1]
[10] ending process [1]
[10] ending process [1]
[10] ending process [1]
[10] ending process [1]
[10] ending process [1]
[10] ending process [1]
[10] ending process [1]
[10] ending process [1]
[10] ending process [1]
[10] ending process [1]
[10] ending process [1]
[10] ending process [1]
[10] ending process [1]
[10] ending process [1]
[10] ending process [1]
[10] ending process [1]
[10] ending process [1]
[10] ending process [1]
[10] ending process [1]
[10] ending process [1]
[10] ending process [1]
[10] ending process [1]
[10] ending process [1]
[10] ending process [1]
[10] ending process [1]
[10] ending process [1]
[10] ending process [1]
[10] ending process [1]
[10] ending process [1]
[10] ending process [1]
[10] ending process [1]
[10] ending process [1]
[10] ending process [1]
[10] ending process [1]
[10] ending process [1]
[10] ending process [1]
[10] ending process [1]
[10] ending process [1]
[10] ending process [1]
[10] ending process [1]
[10] ending process [1]
[10] ending process [1]
[10] ending process [1]
[10] ending process [1]
[10] ending process [1]
[10] ending process [1]
[10] ending process [1]
[10] ending process [1]
[10] ending process [1]
[10] ending process [1]
[10] ending process [1]
[10] ending process [1]
[10] ending process [1]
[10] ending process [1]
[10] ending process [1]
[10] ending process [1]
[10] ending process [1]
[10] ending process [1]
[10] ending process [1]
[10] ending process [1]
[10] ending process [1]
[10] ending process [1]
[10] ending process [1]
[10] ending process [1]
[10] ending process [1]
[10] ending process [1]
[10] ending process [1]
[10] ending process [1]
[10] ending process [1]
[10] ending process [1]
[10] ending process [1]
[10] ending process [1]
[10] ending process [1]
[10] ending process [1]
[10] ending process [1]
[10] ending process [1]
[10] ending process [1]
[10] ending process [1]
[10] ending process [1]
[10] ending process [1]
[10] ending process [1]
[10] ending process [1]
[10] ending process [1]
[10] ending process [1]
[10] ending process [1]
[10] ending process [1]
[10] ending process [1]
[10] ending process [1]
[10] ending process [1]
[10] ending process [1]
[10] ending process [1]
[10] ending process [1]
[10] ending process [1]
[10] ending process [1]
[10] ending process [1]
[10] ending process [1]
[10] ending process [1]
[10] ending process [1]
[10] ending process [1]
[10] ending process [1]
[10] ending process [1]
[10] ending process [1]
[10] ending process [1]
[10] ending process [1]
[10] ending process [1]
[10] ending process [1]
[10] ending process [1]
[10] ending process [1]
[10] ending process [1]
[10] ending process [1]
[10] ending process [1]
[10] ending process [1]
[10] ending process [1]
[10] ending process [1]
[10] ending process [1]
[10] ending process [1]
[10] ending process [1]
[10] ending process [1]
[10] ending process [1]
[10] ending process [1]
[10] ending process [1]
[10] ending process [1]
[10] ending process [1]
[10] ending process [1]
[10] ending process [1]
[10] ending process [1]
[10] ending process [1]
[10] ending process [1]
[10] ending process [1]
[10] ending process [1]
[10] ending process [1]
[10] ending process [1]
[10] ending process [1]
[10] ending process [1]
[10] ending process [1]
[10] ending process [1]
[10] ending process [1]
[10] ending process [1]
[10] ending process [1]
[10] ending process [1]
[10] ending process [1]
[10] ending process [1]
[10] ending process [1]
[10] ending process [1]
[10] ending process [1]
[10] ending process [1]
[10] ending process [1]
[10] ending process [1]
[10] ending process [1]
[10] ending process [1]
[10] ending process [1]
[10] ending process [1]
[10] ending process [1]
[10] ending process [1]
[10] ending process [1]
[10] ending process [1]
[10] ending process [1]
[10] ending process [1]
[10] ending process [1]
[10] ending process [1]
[10] ending process [1]
[10] ending process [1]
[10] ending process [1]
[10] ending process [1]
[10] ending process [1]
[10] ending process [1]
[10] ending process [1]
[10] ending process [1]
[10] ending process [1]
[10] ending process [1]
[10] ending process [1]
[10] ending process [1]
[10] ending process [1]
[10] ending process [1]
[10] ending process [1]
[10] ending process [1]
[10] ending process [1]
[10] ending process [1]
[10] ending process [1]
[10] ending process [1]
[10] ending process [1]
[10] ending process [1]
[10] ending process [1]
[11] ending process [2]
[11] ending process [2]
[11] ending process [2]
[11] ending process [2]
[11] ending process [2]
[11] ending process [2]
[11] ending process [2]
[11] ending process [2]
[11] ending process [2]
[11] ending process [2]
[11] ending process [2]
[11] ending process [2]
[11] ending process [2]
[11] ending process [2]
[11] ending process [2]
[11] ending process [2]
[11] ending process [2]
[11] ending process [2]
[11] ending process [2]
[11] ending process [2]
[11] ending process [2]
[11] ending process [2]
[11] ending process [2]
[11] ending process [2]
[11] ending process [2]
[11] ending process [2]
[11] ending process [2]
[11] ending process [2]
[11] ending process [2]
[11] ending process [2]
[11] ending process [2]
[11] ending process [2]
[11] ending process [2]
[11] ending process [2]
[11] ending process [2]
[11] ending process [2]
[11] ending process [2]
[11] ending process [2]
[11] ending process [2]
[11] ending process [2]
[11] ending process [2]
[11] ending process [2]
[11] ending process [2]
[11] ending process [2]
[11] ending process [2]
[11] ending process [2]
[11] ending process [2]
[11] ending process [2]
[11] ending process [2]
[11] ending process [2]
[11] ending process [2]
[11] ending process [2]
[11] ending process [2]
[11] ending process [2]
[11] ending process [2]
[11] ending process [2]
[11] ending process [2]
[11] ending process [2]
[11] ending process [2]
[11] ending process [2]
[11] ending process [2]
[11] ending process [2]
[11] ending process [2]
[11] ending process [2]
[11] ending process [2]
[11] ending process [2]
[11] ending process [2]
[11] ending process [2]
[11] ending process [2]
[11] ending process [2]
[11] ending process [2]
[11] ending process [2]
[11] ending process [2]
[11] ending process [2]
[11] ending process [2]
[11] ending process [2]
[11] ending process [2]
[11] ending process [2]
[11] ending process [2]
[11] ending process [2]
[11] ending process [2]
[11] ending process [2]
[11] ending process [2]
[11] ending process [2]
[11] ending process [2]
[11] ending process [2]
[11] ending process [2]
[11] ending process [2]
[11] ending process [2]
[11] ending process [2]
[11] ending process [2]
[11] ending process [2]
[11] ending process [2]
[11] ending process [2]
[11] ending process [2]
[11] ending process [2]
[11] ending process [2]
[11] ending process [2]
[11] ending process [2]
[11] ending process [2]
[11] ending process [2]
[11] ending process [2]
[11] ending process [2]
[11] ending process [2]
[11] ending process [2]
[11] ending process [2]
[11] ending process [2]
[11] ending process [2]
[11] ending process [2]
[11] ending process [2]
[11] ending process [2]
[11] ending process [2]
[11] ending process [2]
[11] ending process [2]
[11] ending process [2]
[11] ending process [2]
[11] ending process [2]
[11] ending process [2]
[11] ending process [2]
[11] ending process [2]
[11] ending process [2]
[11] ending process [2]
[11] ending process [2]
[11] ending process [2]
[11] ending process [2]
[11] ending process [2]
[11] ending process [2]
[11] ending process [2]
[12] ending process [3]
[12] ending process [3]
[12] ending process [3]
[12] ending process [3]
[12] ending process [3]
[12] ending process [3]
[12] ending process [3]
[12] ending process [3]
[12] ending process [3]
[12] ending process [3]
[12] ending process [3]
[12] ending process [3]
[12] ending process [3]
[12] ending process [3]
[12] ending process [3]
[12] ending process [3]
[12] ending process [3]
[12] ending process [3]
[12] ending process [3]
[12] ending process [3]
[12] ending process [3]
[12] ending process [3]
[12] ending process [3]
[12] ending process [3]
[12] ending process [3]
[12] ending process [3]
[12] ending process [3]
[12] ending process [3]
[12] ending process [3]
[12] ending process [3]
[12] ending process [3]
[12] ending process [3]
[12] ending process [3]
[12] ending process [3]
[12] ending process [3]
[12] ending process [3]
[12] ending process [3]
[12] ending process [3]
[12] ending process [3]
[12] ending process [3]
[12] ending process [3]
[12] ending process [3]
[12] ending process [3]
[12] ending process [3]
[12] ending process [3]
[12] ending process [3]
[12] ending process [3]
[12] ending process [3]
[12] ending process [3]
[12] ending process [3]
[12] ending process [3]
[12] ending process [3]
[12] ending process [3]
[12] ending process [3]
[12] ending process [3]
[12] ending process [3]
[12] ending process [3]
[12] ending process [3]
[12] ending process [3]
[12] ending process [3]
[12] ending process [3]
[12] ending process [3]
[12] ending process [3]
[12] ending process [3]
[13] ending process [4]
[13] ending process [4]
[13] ending process [4]
[13] ending process [4]
[13] ending process [4]
[13] ending process [4]
[13] ending process [4]
[13] ending process [4]
[13] ending process [4]
[13] ending process [4]
[13] ending process [4]
[13] ending process [4]
[13] ending process [4]
[13] ending process [4]
[13] ending process [4]
[13] ending process [4]
[13] ending process [4]
[13] ending process [4]
[13] ending process [4]
[13] ending process [4]
[13] ending process [4]
[13] ending process [4]
[13] ending process [4]
[13] ending process [4]
[13] ending process [4]
[13] ending process [4]
[13] ending process [4]
[13] ending process [4]
[13] ending process [4]
[13] ending process [4]
[13] ending process [4]
[13] ending process [4]
[14] ending process [5]
[14] ending process [5]
[14] ending process [5]
[14] ending process [5]
[14] ending process [5]
[14] ending process [5]
[14] ending process [5]
[14] ending process [5]
[14] ending process [5]
[14] ending process [5]
[14] ending process [5]
[14] ending process [5]
[14] ending process [5]
[14] ending process [5]
[14] ending process [5]
[14] ending process [5]
[15] ending process [6]
[15] ending process [6]
[15] ending process [6]
[15] ending process [6]
[15] ending process [6]
[15] ending process [6]
[15] ending process [6]
[15] ending process [6]
[16] ending process [7]
[16] ending process [7]
[16] ending process [7]
[16] ending process [7]
[17] ending process [8]
[17] ending process [8]
---> counter = 256
*-* All Finished *-*
