[0] cyc==0 crc=0000000000000000 result=0000000000000000
[0] cyc==1 crc=5aef0c8dd70a4497 result=0000000000000000
[0] cyc==2 crc=b5de191bae14892e result=00000000d70a4497
[0] cyc==3 crc=6bbc32375c29125c result=00000000ae14892e
[0] cyc==4 crc=d778646eb85224b9 result=000000005c29125c
[0] cyc==5 crc=aef0c8dd70a44972 result=00000000b85224b9
[0] cyc==6 crc=5de191bae14892e5 result=0000000070a44972
[0] cyc==7 crc=bbc32375c29125ca result=00000000e14892e5
[0] cyc==8 crc=778646eb85224b95 result=00000000c29125ca
[0] cyc==9 crc=ef0c8dd70a44972a result=0000000085224b95
[0] cyc==10 crc=de191bae14892e55 result=000000000a44972a
[0] cyc==11 crc=bc32375c29125cab result=0000000014892e55
[0] cyc==12 crc=78646eb85224b956 result=0000000029125cab
[0] cyc==13 crc=f0c8dd70a44972ad result=000000005224b956
[0] cyc==14 crc=e191bae14892e55b result=00000000a44972ad
[0] cyc==15 crc=c32375c29125cab6 result=000000004892e55b
[0] cyc==16 crc=8646eb85224b956c result=000000009125cab6
[0] cyc==17 crc=0c8dd70a44972ad8 result=00000000224b956c
[0] cyc==18 crc=191bae14892e55b0 result=0000000044972ad8
[0] cyc==19 crc=32375c29125cab60 result=00000000892e55b0
[0] cyc==20 crc=646eb85224b956c0 result=00000000125cab60
[0] cyc==21 crc=c8dd70a44972ad80 result=0000000024b956c0
[0] cyc==22 crc=91bae14892e55b01 result=000000004972ad80
[0] cyc==23 crc=2375c29125cab602 result=0000000092e55b01
[0] cyc==24 crc=46eb85224b956c04 result=0000000025cab602
[0] cyc==25 crc=8dd70a44972ad809 result=000000004b956c04
[0] cyc==26 crc=1bae14892e55b012 result=00000000972ad809
[0] cyc==27 crc=375c29125cab6024 result=000000002e55b012
[0] cyc==28 crc=6eb85224b956c049 result=000000005cab6024
[0] cyc==29 crc=dd70a44972ad8093 result=00000000b956c049
[0] cyc==30 crc=bae14892e55b0126 result=0000000072ad8093
[0] cyc==31 crc=75c29125cab6024c result=00000000e55b0126
[0] cyc==32 crc=eb85224b956c0499 result=00000000cab6024c
[0] cyc==33 crc=d70a44972ad80932 result=00000000956c0499
[0] cyc==34 crc=ae14892e55b01265 result=000000002ad80932
[0] cyc==35 crc=5c29125cab6024cb result=0000000055b01265
[0] cyc==36 crc=b85224b956c04997 result=00000000ab6024cb
[0] cyc==37 crc=70a44972ad80932f result=0000000056c04997
[0] cyc==38 crc=e14892e55b01265e result=00000000ad80932f
[0] cyc==39 crc=c29125cab6024cbc result=000000005b01265e
[0] cyc==40 crc=85224b956c049978 result=00000000b6024cbc
[0] cyc==41 crc=0a44972ad80932f1 result=000000006c049978
[0] cyc==42 crc=14892e55b01265e3 result=00000000d80932f1
[0] cyc==43 crc=29125cab6024cbc7 result=00000000b01265e3
[0] cyc==44 crc=5224b956c049978e result=000000006024cbc7
[0] cyc==45 crc=a44972ad80932f1d result=00000000c049978e
[0] cyc==46 crc=4892e55b01265e3b result=0000000080932f1d
[0] cyc==47 crc=9125cab6024cbc77 result=0000000001265e3b
[0] cyc==48 crc=224b956c049978ef result=00000000024cbc77
[0] cyc==49 crc=44972ad80932f1de result=00000000049978ef
[0] cyc==50 crc=892e55b01265e3bd result=000000000932f1de
[0] cyc==51 crc=125cab6024cbc77b result=000000001265e3bd
[0] cyc==52 crc=24b956c049978ef7 result=0000000024cbc77b
[0] cyc==53 crc=4972ad80932f1dee result=0000000049978ef7
[0] cyc==54 crc=92e55b01265e3bdd result=00000000932f1dee
[0] cyc==55 crc=25cab6024cbc77bb result=00000000265e3bdd
[0] cyc==56 crc=4b956c049978ef77 result=000000004cbc77bb
[0] cyc==57 crc=972ad80932f1deee result=000000009978ef77
[0] cyc==58 crc=2e55b01265e3bddc result=0000000032f1deee
[0] cyc==59 crc=5cab6024cbc77bb9 result=0000000065e3bddc
[0] cyc==60 crc=b956c049978ef773 result=00000000cbc77bb9
[0] cyc==61 crc=72ad80932f1deee6 result=00000000978ef773
[0] cyc==62 crc=e55b01265e3bddcd result=000000002f1deee6
[0] cyc==63 crc=cab6024cbc77bb9b result=000000005e3bddcd
[0] cyc==64 crc=956c049978ef7736 result=00000000bc77bb9b
[0] cyc==65 crc=2ad80932f1deee6c result=0000000078ef7736
[0] cyc==66 crc=55b01265e3bddcd9 result=00000000f1deee6c
[0] cyc==67 crc=ab6024cbc77bb9b3 result=00000000e3bddcd9
[0] cyc==68 crc=56c049978ef77366 result=00000000c77bb9b3
[0] cyc==69 crc=ad80932f1deee6cd result=000000008ef77366
[0] cyc==70 crc=5b01265e3bddcd9b result=000000001deee6cd
[0] cyc==71 crc=b6024cbc77bb9b37 result=000000003bddcd9b
[0] cyc==72 crc=6c049978ef77366f result=0000000077bb9b37
[0] cyc==73 crc=d80932f1deee6cde result=00000000ef77366f
[0] cyc==74 crc=b01265e3bddcd9bc result=00000000deee6cde
[0] cyc==75 crc=6024cbc77bb9b378 result=00000000bddcd9bc
[0] cyc==76 crc=c049978ef77366f0 result=000000007bb9b378
[0] cyc==77 crc=80932f1deee6cde1 result=00000000f77366f0
[0] cyc==78 crc=01265e3bddcd9bc2 result=00000000eee6cde1
[0] cyc==79 crc=024cbc77bb9b3784 result=00000000ddcd9bc2
[0] cyc==80 crc=049978ef77366f09 result=00000000bb9b3784
[0] cyc==81 crc=0932f1deee6cde13 result=0000000077366f09
[0] cyc==82 crc=1265e3bddcd9bc27 result=00000000ee6cde13
[0] cyc==83 crc=24cbc77bb9b3784e result=00000000dcd9bc27
[0] cyc==84 crc=49978ef77366f09d result=00000000b9b3784e
[0] cyc==85 crc=932f1deee6cde13a result=000000007366f09d
[0] cyc==86 crc=265e3bddcd9bc275 result=00000000e6cde13a
[0] cyc==87 crc=4cbc77bb9b3784ea result=00000000cd9bc275
[0] cyc==88 crc=9978ef77366f09d4 result=000000009b3784ea
[0] cyc==89 crc=32f1deee6cde13a8 result=00000000366f09d4
[0] cyc==90 crc=65e3bddcd9bc2750 result=000000006cde13a8
[0] cyc==91 crc=cbc77bb9b3784ea0 result=00000000d9bc2750
[0] cyc==92 crc=978ef77366f09d41 result=00000000b3784ea0
[0] cyc==93 crc=2f1deee6cde13a82 result=0000000066f09d41
[0] cyc==94 crc=5e3bddcd9bc27504 result=00000000cde13a82
[0] cyc==95 crc=bc77bb9b3784ea09 result=000000009bc27504
[0] cyc==96 crc=78ef77366f09d412 result=000000003784ea09
[0] cyc==97 crc=f1deee6cde13a824 result=000000006f09d412
[0] cyc==98 crc=e3bddcd9bc275048 result=00000000de13a824
[0] cyc==99 crc=c77bb9b3784ea091 result=00000000bc275048
[0] cyc==99 crc=c77bb9b3784ea091 sum=4afe43fb79d7b71e
*-* All Finished *-*
