[1] cyc=0 last_event=00000000000000000000000000000000
[3] cyc=1 last_event=00000000000000000000000000000000
[5] cyc=2 last_event=00000000000000000000000000000000
[5] e1
[7] cyc=3 last_event=00000000000000000000000000000010
[7] e2
[9] cyc=4 last_event=00000000000000000000000000000110
[11] cyc=5 last_event=00000000000000000000000000000110
*-* All Finished *-*
